// Jest Snapshot v1, https://goo.gl/fbAQLP

exports[`Link should render correctly 1`] = `
<a
  href="mockurl"
  onClick={[Function]}
>
  mockTitle
</a>
`;
